components/navbar.tsx(37,18): error TS18048: 'previous' is possibly 'undefined'.
hooks/use-toast.ts(6,53): error TS2307: Cannot find module '@/components/ui/toast' or its corresponding type declarations.
hooks/use-toast.ts(158,22): error TS7006: Parameter 'open' implicitly has an 'any' type.
